05-26-2022, 11:31:23, 1653564683092, Action: test_2_selenium_z_log_out, Error: confluence_webdriver = <selenium.webdriver.chrome.webdriver.WebDriver (session="e8131777e7bf1afcbbafa3875d5eb03b")>
confluence_datasets = {'blog_id': '25848208', 'blogs': [['25717138', 'OMM'], ['25715212', 'BTVF'], ['25717200', 'FLVT'], ['25715242', 'JSDTC...450375', 'custom_pages': [['43450373', 'TEST'], ['43450378', 'TEST'], ['43450375', 'TEST'], ['40140995', 'TEST']], ...}
confluence_screen_shots = None

    def test_2_selenium_z_log_out(confluence_webdriver, confluence_datasets, confluence_screen_shots):
>       modules.log_out(confluence_webdriver, confluence_datasets)

selenium_ui/confluence_ui.py:53: 
_ _ _ _ _ _ _ _ _ _ _ _ _ _ _ _ _ _ _ _ _ _ _ _ _ _ _ _ _ _ _ _ _ _ _ _ _ _ _ _ 
selenium_ui/confluence/modules.py:169: in log_out
    measure()
_ _ _ _ _ _ _ _ _ _ _ _ _ _ _ _ _ _ _ _ _ _ _ _ _ _ _ _ _ _ _ _ _ _ _ _ _ _ _ _ 

    @functools.wraps(func)
    def wrapper():
        if LOGIN_ACTION_NAME in interaction:
            globals.login_failed = False
        if globals.login_failed:
            pytest.skip(f"login is failed")
        start = time.time()
        error_msg = 'Success'
        full_exception = ''
        try:
            func()
            success = True
        except Exception:
            success = False
            # https://docs.python.org/2/library/sys.html#sys.exc_info
            exc_type, full_exception = sys.exc_info()[:2]
            error_msg = f"Failed measure: {interaction} - {exc_type.__name__}"
        end = time.time()
        timing = str(int((end - start) * 1000))
    
        lockfile = f'{selenium_results_file}.lock'
    
        with filelock.SoftFileLock(lockfile):
            with open(selenium_results_file, "a+") as jtl_file:
                timestamp = round(time.time() * 1000)
                jtl_file.write(f"{timestamp},{timing},{interaction},,{error_msg},,{success},0,0,0,0,,0\n")
    
        print(f"{timestamp},{timing},{interaction},{error_msg},{success}")
    
        if not success:
            if LOGIN_ACTION_NAME in interaction:
                globals.login_failed = True
>           raise Exception(error_msg, full_exception)
E           Exception: ('Failed measure: selenium_log_out - TimeoutException', TimeoutException("Error in wait_until: Timed out after 20 sec waiting for <selenium.webdriver.support.expected_conditions.visibility_of_element_located object at 0x7f5c17a14d00>. \nLocator: ('id', 'logout-message')", None, None))

selenium_ui/conftest.py:155: Exception
